[    0.000000] Initializing cgroup subsys cpuset
[    0.000000] Initializing cgroup subsys cpu
[    0.000000] Initializing cgroup subsys cpuacct
[    0.000000] Linux version 4.4.0-186-generic (buildd@lcy01-amd64-002) (gcc version 5.4.0 20160609 (Ubuntu 5.4.0-6ubuntu1~16.04.12) ) #216-Ubuntu SMP Wed Jul 1 05:34:05 UTC 2020 (Ubuntu 4.4.0-186.216-generic 4.4.228)
[    0.000000] Command line: BOOT_IMAGE=/boot/vmlinuz-4.4.0-186-generic root=LABEL=cloudimg-rootfs ro console=tty1 console=ttyS0
[    0.000000] KERNEL supported cpus:
[    0.000000]   Intel GenuineIntel
[    0.000000]   AMD AuthenticAMD
[    0.000000]   Centaur CentaurHauls
[    0.000000] x86/fpu: xstate_offset[2]:  576, xstate_sizes[2]:  256
[    0.000000] x86/fpu: Supporting XSAVE feature 0x01: 'x87 floating point registers'
[    0.000000] x86/fpu: Supporting XSAVE feature 0x02: 'SSE registers'
[    0.000000] x86/fpu: Supporting XSAVE feature 0x04: 'AVX registers'
[    0.000000] x86/fpu: Enabled xstate features 0x7, context size is 832 bytes, using 'standard' format.
[    0.000000] e820: BIOS-provided physical RAM map:
[    0.000000] BIOS-e820: [mem 0x0000000000000000-0x000000000009fbff] usable
[    0.000000] BIOS-e820: [mem 0x000000000009fc00-0x000000000009ffff] reserved
[    0.000000] BIOS-e820: [mem 0x00000000000f0000-0x00000000000fffff] reserved
[    0.000000] BIOS-e820: [mem 0x0000000000100000-0x000000003ffeffff] usable
[    0.000000] BIOS-e820: [mem 0x000000003fff0000-0x000000003fffffff] ACPI data
[    0.000000] BIOS-e820: [mem 0x00000000fec00000-0x00000000fec00fff] reserved
[    0.000000] BIOS-e820: [mem 0x00000000fee00000-0x00000000fee00fff] reserved
[    0.000000] BIOS-e820: [mem 0x00000000fffc0000-0x00000000ffffffff] reserved
[    0.000000] NX (Execute Disable) protection: active
[    0.000000] SMBIOS 2.5 present.
[    0.000000] Hypervisor detected: KVM
[    0.000000] e820: last_pfn = 0x3fff0 max_arch_pfn = 0x400000000
[    0.000000] MTRR: Disabled
[    0.000000] x86/PAT: MTRRs disabled, skipping PAT initialization too.
[    0.000000] CPU MTRRs all blank - virtualized system.
[    0.000000] x86/PAT: Configuration [0-7]: WB  WT  UC- UC  WB  WT  UC- UC  
[    0.000000] found SMP MP-table at [mem 0x0009fff0-0x0009ffff] mapped at [ffff88000009fff0]
[    0.000000] Scanning 1 areas for low memory corruption
[    0.000000] RAMDISK: [mem 0x362e2000-0x37168fff]
[    0.000000] ACPI: Early table checksum verification disabled
[    0.000000] ACPI: RSDP 0x00000000000E0000 000024 (v02 VBOX  )
[    0.000000] ACPI: XSDT 0x000000003FFF0030 00003C (v01 VBOX   VBOXXSDT 00000001 ASL  00000061)
[    0.000000] ACPI: FACP 0x000000003FFF00F0 0000F4 (v04 VBOX   VBOXFACP 00000001 ASL  00000061)
[    0.000000] ACPI: DSDT 0x000000003FFF0470 002325 (v02 VBOX   VBOXBIOS 00000002 INTL 20100528)
[    0.000000] ACPI: FACS 0x000000003FFF0200 000040
[    0.000000] ACPI: FACS 0x000000003FFF0200 000040
[    0.000000] ACPI: APIC 0x000000003FFF0240 00005C (v02 VBOX   VBOXAPIC 00000001 ASL  00000061)
[    0.000000] ACPI: SSDT 0x000000003FFF02A0 0001CC (v01 VBOX   VBOXCPUT 00000002 INTL 20100528)
[    0.000000] No NUMA configuration found
[    0.000000] Faking a node at [mem 0x0000000000000000-0x000000003ffeffff]
[    0.000000] NODE_DATA(0) allocated [mem 0x3ffeb000-0x3ffeffff]
[    0.000000] kvm-clock: Using msrs 4b564d01 and 4b564d00
[    0.000000] kvm-clock: cpu 0, msr 0:3ffe3001, primary cpu clock
[    0.000000] kvm-clock: using sched offset of 3392952573 cycles
[    0.000000] clocksource: kvm-clock: mask: 0xffffffffffffffff max_cycles: 0x1cd42e4dffb, max_idle_ns: 881590591483 ns
[    0.000000] Zone ranges:
[    0.000000]   DMA      [mem 0x0000000000001000-0x0000000000ffffff]
[    0.000000]   DMA32    [mem 0x0000000001000000-0x000000003ffeffff]
[    0.000000]   Normal   empty
[    0.000000]   Device   empty
[    0.000000] Movable zone start for each node
[    0.000000] Early memory node ranges
[    0.000000]   node   0: [mem 0x0000000000001000-0x000000000009efff]
[    0.000000]   node   0: [mem 0x0000000000100000-0x000000003ffeffff]
[    0.000000] Initmem setup node 0 [mem 0x0000000000001000-0x000000003ffeffff]
[    0.000000] ACPI: PM-Timer IO Port: 0x4008
[    0.000000] IOAPIC[0]: apic_id 2, version 32, address 0xfec00000, GSI 0-23
[    0.000000] ACPI: INT_SRC_OVR (bus 0 bus_irq 0 global_irq 2 dfl dfl)
[    0.000000] ACPI: INT_SRC_OVR (bus 0 bus_irq 9 global_irq 9 low level)
[    0.000000] Using ACPI (MADT) for SMP configuration information
[    0.000000] smpboot: Allowing 2 CPUs, 0 hotplug CPUs
[    0.000000] PM: Registered nosave memory: [mem 0x00000000-0x00000fff]
[    0.000000] PM: Registered nosave memory: [mem 0x0009f000-0x0009ffff]
[    0.000000] PM: Registered nosave memory: [mem 0x000a0000-0x000effff]
[    0.000000] PM: Registered nosave memory: [mem 0x000f0000-0x000fffff]
[    0.000000] e820: [mem 0x40000000-0xfebfffff] available for PCI devices
[    0.000000] Booting paravirtualized kernel on KVM
[    0.000000] clocksource: refined-jiffies: mask: 0xffffffff max_cycles: 0xffffffff, max_idle_ns: 7645519600211568 ns
[    0.000000] setup_percpu: NR_CPUS:512 nr_cpumask_bits:512 nr_cpu_ids:2 nr_node_ids:1
[    0.000000] PERCPU: Embedded 33 pages/cpu @ffff88003fc00000 s95512 r8192 d31464 u1048576
[    0.000000] Built 1 zonelists in Node order, mobility grouping on.  Total pages: 257912
[    0.000000] Policy zone: DMA32
[    0.000000] Kernel command line: BOOT_IMAGE=/boot/vmlinuz-4.4.0-186-generic root=LABEL=cloudimg-rootfs ro console=tty1 console=ttyS0
[    0.000000] PID hash table entries: 4096 (order: 3, 32768 bytes)
[    0.000000] Memory: 997668K/1048120K available (8636K kernel code, 1337K rwdata, 4040K rodata, 1492K init, 1296K bss, 50452K reserved, 0K cma-reserved)
[    0.000000] SLUB: HWalign=64, Order=0-3, MinObjects=0, CPUs=2, Nodes=1
[    0.000000] Kernel/User page tables isolation: enabled
[    0.000000] Hierarchical RCU implementation.
[    0.000000] 	Build-time adjustment of leaf fanout to 64.
[    0.000000] 	RCU restricting CPUs from NR_CPUS=512 to nr_cpu_ids=2.
[    0.000000] RCU: Adjusting geometry for rcu_fanout_leaf=64, nr_cpu_ids=2
[    0.000000] NR_IRQS:33024 nr_irqs:440 16
[    0.000000] Console: colour VGA+ 80x25
[    0.000000] console [tty1] enabled
[    0.000000] console [ttyS0] enabled
[    0.000000] tsc: Detected 1391.999 MHz processor
[    0.128696] Calibrating delay loop (skipped) preset value.. 2783.99 BogoMIPS (lpj=5567996)
[    0.130303] pid_max: default: 32768 minimum: 301
[    0.131177] ACPI: Core revision 20150930
[    0.132649] ACPI: 2 ACPI AML tables successfully acquired and loaded
[    0.134231] Security Framework initialized
[    0.135021] Yama: becoming mindful.
[    0.135732] AppArmor: AppArmor initialized
[    0.136610] Dentry cache hash table entries: 131072 (order: 8, 1048576 bytes)
[    0.138949] Inode-cache hash table entries: 65536 (order: 7, 524288 bytes)
[    0.140244] Mount-cache hash table entries: 2048 (order: 2, 16384 bytes)
[    0.141423] Mountpoint-cache hash table entries: 2048 (order: 2, 16384 bytes)
[    0.142774] Initializing cgroup subsys io
[    0.143561] Initializing cgroup subsys memory
[    0.144528] Initializing cgroup subsys devices
[    0.145535] Initializing cgroup subsys freezer
[    0.146469] Initializing cgroup subsys net_cls
[    0.147313] Initializing cgroup subsys perf_event
[    0.148221] Initializing cgroup subsys net_prio
[    0.149092] Initializing cgroup subsys hugetlb
[    0.149937] Initializing cgroup subsys pids
[    0.151849] mce: CPU supports 0 MCE banks
[    0.152682] Last level iTLB entries: 4KB 64, 2MB 8, 4MB 8
[    0.153667] Last level dTLB entries: 4KB 64, 2MB 0, 4MB 0, 1GB 4
[    0.154743] Spectre V1 : Mitigation: usercopy/swapgs barriers and __user pointer sanitization
[    0.156338] Spectre V2 : Mitigation: Full generic retpoline
[    0.157377] Spectre V2 : Spectre v2 / SpectreRSB mitigation: Filling RSB on context switch
[    0.158927] Speculative Store Bypass: Vulnerable
[    0.159797] SRBDS: Unknown: Dependent on hypervisor status
[    0.160911] MDS: Mitigation: Clear CPU buffers
[    0.164081] Freeing SMP alternatives memory: 36K
[    0.170416] ftrace: allocating 32334 entries in 127 pages
[    0.223025] smpboot: APIC(0) Converting physical 0 to logical package 0
[    0.225303] smpboot: Max logical packages: 1
[    0.226331] x2apic enabled
[    0.227106] Switched APIC routing to physical x2apic.
[    0.228941] ..TIMER: vector=0x30 apic1=0 pin1=2 apic2=-1 pin2=-1
[    0.338134] smpboot: CPU0: Intel(R) Core(TM) i5-8257U CPU @ 1.40GHz (family: 0x6, model: 0x8e, stepping: 0xa)
[    0.340960] Performance Events: unsupported p6 CPU model 142 no PMU driver, software events only.
[    0.351954] KVM setup paravirtual spinlock
[    0.353733] x86: Booting SMP configuration:
[    0.355046] .... node  #0, CPUs:      #1
[    0.355927] kvm-clock: cpu 1, msr 0:3ffe3041, secondary cpu clock
[    0.357864] mce: CPU supports 0 MCE banks
[    0.360416] x86: Booted up 1 node, 2 CPUs
[    0.361352] smpboot: Total of 2 processors activated (5567.99 BogoMIPS)
[    0.363040] devtmpfs: initialized
[    0.365520] evm: security.selinux
[    0.366205] evm: security.SMACK64
[    0.366919] evm: security.SMACK64EXEC
[    0.367656] evm: security.SMACK64TRANSMUTE
[    0.368457] evm: security.SMACK64MMAP
[    0.369246] evm: security.ima
[    0.369875] evm: security.capability
[    0.370763] clocksource: jiffies: mask: 0xffffffff max_cycles: 0xffffffff, max_idle_ns: 7645041785100000 ns
[    0.372573] futex hash table entries: 512 (order: 3, 32768 bytes)
[    0.373799] pinctrl core: initialized pinctrl subsystem
[    0.374877] RTC time:  8:03:33, date: 07/23/20
[    0.375867] NET: Registered protocol family 16
[    0.386582] cpuidle: using governor ladder
[    0.399111] cpuidle: using governor menu
[    0.400571] PCCT header not found.
[    0.401510] ACPI: bus type PCI registered
[    0.402492] acpiphp: ACPI Hot Plug PCI Controller Driver version: 0.5
[    0.404206] PCI: Using configuration type 1 for base access
[    0.419419] ACPI: Added _OSI(Module Device)
[    0.420758] ACPI: Added _OSI(Processor Device)
[    0.422057] ACPI: Added _OSI(3.0 _SCP Extensions)
[    0.423368] ACPI: Added _OSI(Processor Aggregator Device)
[    0.425639] ACPI: Executed 1 blocks of module-level executable AML code
[    0.429617] ACPI: Interpreter enabled
[    0.430409] ACPI: (supports S0 S5)
[    0.431179] ACPI: Using IOAPIC for interrupt routing
[    0.432242] PCI: Using host bridge windows from ACPI; if necessary, use "pci=nocrs" and report a bug
[    0.437736] ACPI: PCI Root Bridge [PCI0] (domain 0000 [bus 00-ff])
[    0.438894] acpi PNP0A03:00: _OSC: OS supports [ASPM ClockPM Segments MSI]
[    0.440344] acpi PNP0A03:00: _OSC: not requesting OS control; OS requires [ExtendedConfig ASPM ClockPM MSI]
[    0.442141] acpi PNP0A03:00: fail to add MMCONFIG information, can't access extended PCI configuration space under this bridge.
[    0.444803] PCI host bridge to bus 0000:00
[    0.445599] pci_bus 0000:00: root bus resource [io  0x0000-0x0cf7 window]
[    0.446825] pci_bus 0000:00: root bus resource [io  0x0d00-0xffff window]
[    0.448034] pci_bus 0000:00: root bus resource [mem 0x000a0000-0x000bffff window]
[    0.449491] pci_bus 0000:00: root bus resource [mem 0x40000000-0xfdffffff window]
[    0.451084] pci_bus 0000:00: root bus resource [bus 00-ff]
[    0.454259] pci 0000:00:01.1: legacy IDE quirk: reg 0x10: [io  0x01f0-0x01f7]
[    0.455601] pci 0000:00:01.1: legacy IDE quirk: reg 0x14: [io  0x03f6]
[    0.456761] pci 0000:00:01.1: legacy IDE quirk: reg 0x18: [io  0x0170-0x0177]
[    0.465440] pci 0000:00:01.1: legacy IDE quirk: reg 0x1c: [io  0x0376]
[    0.478128] pci 0000:00:07.0: quirk: [io  0x4000-0x403f] claimed by PIIX4 ACPI
[    0.479596] pci 0000:00:07.0: quirk: [io  0x4100-0x410f] claimed by PIIX4 SMB
[    0.485138] ACPI: PCI Interrupt Link [LNKA] (IRQs 5 9 10 *11)
[    0.486697] ACPI: PCI Interrupt Link [LNKB] (IRQs 5 9 *10 11)
[    0.488091] ACPI: PCI Interrupt Link [LNKC] (IRQs 5 *9 10 11)
[    0.489505] ACPI: PCI Interrupt Link [LNKD] (IRQs 5 9 10 *11)
[    0.490986] ACPI: Enabled 2 GPEs in block 00 to 07
[    0.492228] vgaarb: setting as boot device: PCI:0000:00:02.0
[    0.493384] vgaarb: device added: PCI:0000:00:02.0,decodes=io+mem,owns=io+mem,locks=none
[    0.494961] vgaarb: loaded
[    0.495551] vgaarb: bridge control possible 0000:00:02.0
[    0.496729] SCSI subsystem initialized
[    0.497561] ACPI: bus type USB registered
[    0.498390] usbcore: registered new interface driver usbfs
[    0.499400] usbcore: registered new interface driver hub
[    0.500920] usbcore: registered new device driver usb
[    0.502153] PCI: Using ACPI for IRQ routing
[    0.504312] NetLabel: Initializing
[    0.505053] NetLabel:  domain hash size = 128
[    0.505921] NetLabel:  protocols = UNLABELED CIPSOv4
[    0.506919] NetLabel:  unlabeled traffic allowed by default
[    0.508130] amd_nb: Cannot enumerate AMD northbridges
[    0.509291] clocksource: Switched to clocksource kvm-clock
[    0.516892] AppArmor: AppArmor Filesystem Enabled
[    0.518064] pnp: PnP ACPI init
[    0.519811] pnp: PnP ACPI: found 3 devices
[    0.529592] clocksource: acpi_pm: mask: 0xffffff max_cycles: 0xffffff, max_idle_ns: 2085701024 ns
[    0.531423] NET: Registered protocol family 2
[    0.532384] TCP established hash table entries: 8192 (order: 4, 65536 bytes)
[    0.533912] TCP bind hash table entries: 8192 (order: 5, 131072 bytes)
[    0.535441] TCP: Hash tables configured (established 8192 bind 8192)
[    0.536591] UDP hash table entries: 512 (order: 2, 16384 bytes)
[    0.537900] UDP-Lite hash table entries: 512 (order: 2, 16384 bytes)
[    0.539075] NET: Registered protocol family 1
[    0.539926] pci 0000:00:00.0: Limiting direct PCI/PCI transfers
[    0.541010] pci 0000:00:01.0: Activating ISA DMA hang workarounds
[    0.542260] Unpacking initramfs...
[    0.734242] Freeing initrd memory: 14876K
[    0.735818] clocksource: tsc: mask: 0xffffffffffffffff max_cycles: 0x14109a24aaa, max_idle_ns: 440795250993 ns
[    0.737858] platform rtc_cmos: registered platform RTC device (no PNP device found)
[    0.739421] Scanning for low memory corruption every 60 seconds
[    0.740980] audit: initializing netlink subsys (disabled)
[    0.742355] audit: type=2000 audit(1595491418.577:1): initialized
[    0.744399] Initialise system trusted keyring
[    0.745387] HugeTLB registered 2 MB page size, pre-allocated 0 pages
[    0.747561] zbud: loaded
[    0.748794] VFS: Disk quotas dquot_6.6.0
[    0.750055] VFS: Dquot-cache hash table entries: 512 (order 0, 4096 bytes)
[    0.751451] squashfs: version 4.0 (2009/01/31) Phillip Lougher
[    0.752821] fuse init (API version 7.23)
[    0.753881] Key type big_key registered
[    0.754662] Allocating IMA MOK and blacklist keyrings.
[    0.756648] Key type asymmetric registered
[    0.757508] Asymmetric key parser 'x509' registered
[    0.758461] Block layer SCSI generic (bsg) driver version 0.4 loaded (major 249)
[    0.759981] io scheduler noop registered
[    0.760758] io scheduler deadline registered (default)
[    0.761799] io scheduler cfq registered
[    0.762635] pci_hotplug: PCI Hot Plug PCI Core version: 0.5
[    0.763663] pciehp: PCI Express Hot Plug Controller Driver version: 0.4
[    0.765185] ACPI: AC Adapter [AC] (on-line)
[    0.766430] input: Power Button as /devices/LNXSYSTM:00/LNXPWRBN:00/input/input0
[    0.767886] ACPI: Power Button [PWRF]
[    0.768688] input: Sleep Button as /devices/LNXSYSTM:00/LNXSLPBN:00/input/input1
[    0.770158] ACPI: Sleep Button [SLPF]
[    0.771051] GHES: HEST is not enabled!
[    0.771901] ACPI: Battery Slot [BAT0] (battery present)
[    0.772977] Serial: 8250/16550 driver, 32 ports, IRQ sharing enabled
[    0.794721] 00:02: ttyS0 at I/O 0x3f8 (irq = 4, base_baud = 115200) is a 16550A
[    0.800171] Linux agpgart interface v0.103
[    0.802746] loop: module loaded
[    0.804415] scsi host0: ata_piix
[    0.805192] scsi host1: ata_piix
[    0.805916] ata1: PATA max UDMA/33 cmd 0x1f0 ctl 0x3f6 bmdma 0xd000 irq 14
[    0.807118] ata2: PATA max UDMA/33 cmd 0x170 ctl 0x376 bmdma 0xd008 irq 15
[    0.808411] libphy: Fixed MDIO Bus: probed
[    0.809250] tun: Universal TUN/TAP device driver, 1.6
[    0.810230] tun: (C) 1999-2004 Max Krasnyansky <maxk@qualcomm.com>
[    0.811410] PPP generic driver version 2.4.2
[    0.812310] ehci_hcd: USB 2.0 'Enhanced' Host Controller (EHCI) Driver
[    0.813529] ehci-pci: EHCI PCI platform driver
[    0.814391] ehci-platform: EHCI generic platform driver
[    0.815364] ohci_hcd: USB 1.1 'Open' Host Controller (OHCI) Driver
[    0.816466] ohci-pci: OHCI PCI platform driver
[    0.817321] ohci-platform: OHCI generic platform driver
[    0.818330] uhci_hcd: USB Universal Host Controller Interface driver
[    0.819636] i8042: PNP: PS/2 Controller [PNP0303:PS2K,PNP0f03:PS2M] at 0x60,0x64 irq 1,12
[    0.821622] serio: i8042 KBD port at 0x60,0x64 irq 1
[    0.822550] serio: i8042 AUX port at 0x60,0x64 irq 12
[    0.823717] mousedev: PS/2 mouse device common for all mice
[    0.825116] input: AT Translated Set 2 keyboard as /devices/platform/i8042/serio0/input/input2
[    0.827442] rtc_cmos rtc_cmos: rtc core: registered rtc_cmos as rtc0
[    0.828631] rtc_cmos rtc_cmos: alarms up to one day, 114 bytes nvram
[    0.829823] i2c /dev entries driver
[    0.830882] device-mapper: uevent: version 1.0.3
[    0.831915] device-mapper: ioctl: 4.34.0-ioctl (2015-10-28) initialised: dm-devel@redhat.com
[    0.834038] ledtrig-cpu: registered to indicate activity on CPUs
[    0.835510] NET: Registered protocol family 10
[    0.836518] NET: Registered protocol family 17
[    0.837374] Key type dns_resolver registered
[    0.838880] registered taskstats version 1
[    0.839694] Loading compiled-in X.509 certificates
[    0.841046] Loaded X.509 cert 'Build time autogenerated kernel key: cef5e81496c0efa51b848ab539e845ddf31c08be'
[    0.843045] zswap: loaded using pool lzo/zbud
[    0.845528] Key type trusted registered
[    0.848764] Key type encrypted registered
[    0.849569] AppArmor: AppArmor sha1 policy hashing enabled
[    0.850576] ima: No TPM chip found, activating TPM-bypass!
[    0.851579] ima: Allocated hash algorithm: sha1
[    0.852450] evm: HMAC attrs: 0x1
[    0.853547]   Magic number: 12:95:69
[    0.854430] rtc_cmos rtc_cmos: setting system clock to 2020-07-23 08:03:34 UTC (1595491414)
[    0.856121] BIOS EDD facility v0.16 2004-Jun-25, 0 devices found
[    0.857212] EDD information not available.
[    0.987011] Freeing unused kernel memory: 1492K
[    0.988327] Write protecting the kernel read-only data: 14336k
[    0.990136] Freeing unused kernel memory: 1592K
[    0.991320] Freeing unused kernel memory: 56K
Loading, please wait...
starting version 229
[    1.003744] random: systemd-udevd: uninitialized urandom read (16 bytes read, 3 bits of entropy available)
[    1.003953] random: udevadm: uninitialized urandom read (16 bytes read, 3 bits of entropy available)
[    1.003970] random: udevadm: uninitialized urandom read (16 bytes read, 3 bits of entropy available)
[    1.010587] random: systemd-udevd: uninitialized urandom read (16 bytes read, 3 bits of entropy available)
[    1.011112] random: udevadm: uninitialized urandom read (16 bytes read, 3 bits of entropy available)
[    1.011148] random: udevadm: uninitialized urandom read (16 bytes read, 3 bits of entropy available)
[    1.011260] random: udevadm: uninitialized urandom read (16 bytes read, 3 bits of entropy available)
[    1.011300] random: udevadm: uninitialized urandom read (16 bytes read, 3 bits of entropy available)
[    1.011342] random: udevadm: uninitialized urandom read (16 bytes read, 3 bits of entropy available)
[    1.011382] random: udevadm: uninitialized urandom read (16 bytes read, 3 bits of entropy available)
[    1.055012] e1000: Intel(R) PRO/1000 Network Driver - version 7.3.21-k8-NAPI
[    1.056397] e1000: Copyright (c) 1999-2006 Intel Corporation.
[    1.059905] Fusion MPT base driver 3.04.20
[    1.060756] Copyright (c) 1999-2008 LSI Corporation
[    1.073533] AVX2 version of gcm_enc/dec engaged.
[    1.075046] AES CTR mode by8 optimization enabled
[    1.079343] Fusion MPT SPI Host driver 3.04.20
[    1.272411] input: ImExPS/2 Generic Explorer Mouse as /devices/platform/i8042/serio1/input/input4
[    1.426614] e1000 0000:00:03.0 eth0: (PCI:33MHz:32-bit) 02:d4:60:56:24:74
[    1.428250] e1000 0000:00:03.0 eth0: Intel(R) PRO/1000 Network Connection
[    1.430336] mptbase: ioc0: Initiating bringup
[    1.431938] e1000 0000:00:03.0 enp0s3: renamed from eth0
[    1.494135] ioc0: LSI53C1030 A0: Capabilities={Initiator}
[    1.656519] scsi host2: ioc0: LSI53C1030 A0, FwRev=00000000h, Ports=1, MaxQ=256, IRQ=20
[    1.769907] scsi 2:0:0:0: Direct-Access     VBOX     HARDDISK         1.0  PQ: 0 ANSI: 5
[    1.772817] scsi target2:0:0: Beginning Domain Validation
[    1.776957] scsi target2:0:0: Domain Validation skipping write tests
[    1.779121] scsi target2:0:0: Ending Domain Validation
[    1.780649] scsi target2:0:0: asynchronous
[    1.782434] scsi 2:0:1:0: Direct-Access     VBOX     HARDDISK         1.0  PQ: 0 ANSI: 5
[    1.784404] scsi target2:0:1: Beginning Domain Validation
[    1.786421] scsi target2:0:1: Domain Validation skipping write tests
[    1.787727] scsi target2:0:1: Ending Domain Validation
[    1.796284] scsi target2:0:1: asynchronous
[    1.801732] sd 2:0:0:0: [sda] 20971520 512-byte logical blocks: (10.7 GB/10.0 GiB)
[    1.803293] sd 2:0:0:0: Attached scsi generic sg0 type 0
[    1.804542] sd 2:0:0:0: [sda] Write Protect is off
[    1.805522] sd 2:0:1:0: Attached scsi generic sg1 type 0
[    1.806544] sd 2:0:1:0: [sdb] 20480 512-byte logical blocks: (10.5 MB/10.0 MiB)
[    1.806619] sd 2:0:0:0: [sda] Incomplete mode parameter data
[    1.806620] sd 2:0:0:0: [sda] Assuming drive cache: write through
[    1.809870]  sda: sda1
[    1.810386] sd 2:0:0:0: [sda] Attached SCSI disk
[    1.812056] sd 2:0:1:0: [sdb] Write Protect is off
[    1.813170] sd 2:0:1:0: [sdb] Incomplete mode parameter data
[    1.814492] sd 2:0:1:0: [sdb] Assuming drive cache: write through
[    1.817230] sd 2:0:1:0: [sdb] Attached SCSI disk
Begin: Loading essential drivers ... [    3.081406] md: linear personality registered for level -1
[    3.085115] md: multipath personality registered for level -4
[    3.088333] md: raid0 personality registered for level 0
[    3.092339] md: raid1 personality registered for level 1
[    3.161559] raid6: sse2x1   gen() 12887 MB/s
[    3.229829] raid6: sse2x1   xor()  9307 MB/s
[    3.297450] raid6: sse2x2   gen() 15488 MB/s
[    3.365559] raid6: sse2x2   xor() 10680 MB/s
[    3.433519] raid6: sse2x4   gen() 18136 MB/s
[    3.501861] raid6: sse2x4   xor() 12440 MB/s
[    3.569432] raid6: avx2x1   gen() 22670 MB/s
[    3.637348] raid6: avx2x2   gen() 29086 MB/s
[    3.705592] raid6: avx2x4   gen() 32030 MB/s
[    3.706970] raid6: using algorithm avx2x4 gen() 32030 MB/s
[    3.708152] raid6: using avx2x2 recovery algorithm
[    3.710331] xor: automatically using best checksumming function:
[    3.753427]    avx       : 39548.000 MB/sec
[    3.756014] async_tx: api initialized (async)
[    3.764974] md: raid6 personality registered for level 6
[    3.766495] md: raid5 personality registered for level 5
[    3.767499] md: raid4 personality registered for level 4
[    3.773864] md: raid10 personality registered for level 10
done.
Begin: Running /scripts/init-premount ... done.
Begin: Mounting root file system ... Begin: Running /scripts/local-top ... done.
Begin: Running /scripts/local-premount ... [    3.798248] Btrfs loaded
Scanning for Btrfs filesystems
done.
Warning: fsck not present, so skipping root file system
[    3.816871] EXT4-fs (sda1): mounted filesystem with ordered data mode. Opts: (null)
done.
Begin: Running /scripts/local-bottom ... done.
Begin: Running /scripts/init-bottom ... done.
[    3.866391] systemd[1]: systemd 229 running in system mode. (+PAM +AUDIT +SELINUX +IMA +APPARMOR +SMACK +SYSVINIT +UTMP +LIBCRYPTSETUP +GCRYPT +GNUTLS +ACL +XZ -LZ4 +SECCOMP +BLKID +ELFUTILS +KMOD -IDN)
[    3.869611] systemd[1]: Detected virtualization oracle.
[    3.870664] systemd[1]: Detected architecture x86-64.

Welcome to [1mUbuntu 16.04.6 LTS[0m!

[    3.872939] systemd[1]: Set hostname to <ubuntu>.
[    3.874660] systemd[1]: Initializing machine ID from random generator.
[    3.875857] systemd[1]: Installed transient /etc/machine-id file.
[    3.958903] systemd[1]: Started Forward Password Requests to Wall Directory Watch.
[[0;32m  OK  [0m] Started Forward Password Requests to Wall Directory Watch.
[    3.961622] systemd[1]: Listening on Syslog Socket.
[[0;32m  OK  [0m] Listening on Syslog Socket.
[    3.970106] systemd[1]: Reached target Encrypted Volumes.
[[0;32m  OK  [0m] Reached target Encrypted Volumes.
[    3.973689] systemd[1]: Listening on LVM2 metadata daemon socket.
[[0;32m  OK  [0m] Listening on LVM2 metadata daemon socket.
[    3.982094] systemd[1]: Listening on Journal Audit Socket.
[[0;32m  OK  [0m] Listening on Journal Audit Socket.
[    3.985020] systemd[1]: Listening on udev Kernel Socket.
[[0;32m  OK  [0m] Listening on udev Kernel Socket.
[    3.988335] systemd[1]: Created slice User and Session Slice.
[[0;32m  OK  [0m] Created slice User and Session Slice.
[    3.990904] systemd[1]: Set up automount Arbitrary Executable File Formats File System Automount Point.
[[0;32m  OK  [0m] Set up automount Arbitrary Executab...ats File System Automount Point.
[    3.994744] systemd[1]: Created slice System Slice.
[[0;32m  OK  [0m] Created slice System Slice.
[    3.996861] systemd[1]: Listening on udev Control Socket.
[[0;32m  OK  [0m] Listening on udev Control Socket.
[    3.999092] systemd[1]: Listening on Journal Socket.
[[0;32m  OK  [0m] Listening on Journal Socket.
[    4.014117] systemd[1]: Starting Load Kernel Modules...
         Starting Load Kernel Modules...
[    4.017610] systemd[1]: Starting Nameserver information manager...
         Starting Nameserver information manager...
[    4.021190] systemd[1]: Mounting Huge Pages File System...
[    4.022637] Loading iSCSI transport class v2.0-870.
         Mounting Huge Pages File System...
[    4.025351] systemd[1]: Starting Remount Root and Kernel File Systems...
[    4.027796] EXT4-fs (sda1): re-mounted. Opts: (null)
         Starting Remount Root and Kernel File Systems...
[    4.030117] systemd[1]: Mounting POSIX Message Queue File System...
         Mounting POSIX Message Queue File System...
[    4.032984] systemd[1]: Starting Set console keymap...
         Starting Set console keymap...
[    4.037234] systemd[1]: Mounting Debug File System...
[    4.038846] iscsi: registered transport (tcp)
         Mounting Debug File System...
[    4.040687] systemd[1]: Reached target System Time Synchronized.
[[0;32m  OK  [0m] Reached target System Time Synchronized.
[    4.043476] systemd[1]: Started Trigger resolvconf update for networkd DNS.
[[0;32m  OK  [0m] Started Trigger resolvconf update for networkd DNS.
[    4.045950] systemd[1]: Reached target User and Group Name Lookups.
[[0;32m  OK  [0m] Reached target User and Group Name Lookups.
[    4.048252] systemd[1]: Listening on Device-mapper event daemon FIFOs.
[[0;32m  OK  [0m] Listening on Device-mapper event daemon FIFOs.
[    4.064572] iscsi: registered transport (iser)
[    4.065929] systemd[1]: Starting Monitoring of LVM2 mirrors, snapshots etc. using dmeventd or progress polling...
         Starting Monitoring of LVM2 mirrors... dmeventd or progress polling...
[    4.070549] systemd[1]: Listening on LVM2 poll daemon socket.
[[0;32m  OK  [0m] Listening on LVM2 poll daemon socket.
[    4.072586] systemd[1]: Reached target Swap.
[[0;32m  OK  [0m] Reached target Swap.
[    4.074534] systemd[1]: Listening on Journal Socket (/dev/log).
[[0;32m  OK  [0m] Listening on Journal Socket (/dev/log).
[    4.077163] systemd[1]: Starting Journal Service...
         Starting Journal Service...
[    4.079100] systemd[1]: Reached target Slices.
[[0;32m  OK  [0m] Reached target Slices.
[    4.081315] systemd[1]: Starting Create list of required static device nodes for the current kernel...
         Starting Create list of required st... nodes for the current kernel...
[    4.089913] systemd[1]: Listening on /dev/initctl Compatibility Named Pipe.
[[0;32m  OK  [0m] Listening on /dev/initctl Compatibility Named Pipe.
[    4.092884] systemd[1]: Created slice system-serial\x2dgetty.slice.
[[0;32m  OK  [0m] Created slice system-serial\x2dgetty.slice.
[    4.095823] systemd[1]: Starting Uncomplicated firewall...
         Starting Uncomplicated firewall...
[    4.100284] systemd[1]: Mounted Debug File System.
[[0;32m  OK  [0m] Mounted Debug File System.
[    4.102169] systemd[1]: Mounted POSIX Message Queue File System.
[[0;32m  OK  [0m] Mounted POSIX Message Queue File System.
[    4.104273] systemd[1]: Mounted Huge Pages File System.
[[0;32m  OK  [0m] Mounted Huge Pages File System.
[    4.113924] systemd[1]: Started Journal Service.
[[0;32m  OK  [0m] Started Journal Service.
[[0;32m  OK  [0m] Started Load Kernel Modules.
[[0;32m  OK  [0m] Started Remount Root and Kernel File Systems.
[[0;32m  OK  [0m] Started Set console keymap.
[[0;32m  OK  [0m] Started Create list of required sta...ce nodes for the current kernel.
[[0;32m  OK  [0m] Started Uncomplicated firewall.
[[0;32m  OK  [0m] Started Nameserver information manager.
[[0;32m  OK  [0m] Started LVM2 metadata daemon.
         Starting Create Static Device Nodes in /dev...
         Starting udev Coldplug all Devices...
         Starting Load/Save Random Seed...
         Mounting FUSE Control File System...
         Starting Apply Kernel Variables...
         Starting Flush Journal to Persistent Storage...
[[0;32m  OK  [0m] Started Create Static Device Nodes in /dev.
         Starting udev Kernel Device Manager...
[[0;32m  OK  [0m] Mounted FUSE Control File System.
[[0;32m  OK  [0m] Started Load/Save Random Seed.
[[0;32m  OK  [0m] Started Apply Kernel Variables.
[[0;32m  OK  [0m] Started Flush Journal to Persistent Storage.
[[0;32m  OK  [0m] Started udev Kernel Device Manager.
[[0;32m  OK  [0m] Started udev Coldplug all Devices.
[[0;32m  OK  [0m] Started Dispatch Password Requests to Console Directory Watch.
[[0;32m  OK  [0m] Found device /dev/ttyS0.
[[0;32m  OK  [0m] Listening on Load/Save RF Kill Switch Status /dev/rfkill Watch.
[[0;32m  OK  [0m] Started Monitoring of LVM2 mirrors,...ng dmeventd or progress polling.
[[0;32m  OK  [0m] Reached target Local File Systems (Pre).
[[0;32m  OK  [0m] Reached target Local File Systems.
         Starting LSB: AppArmor initialization...
         Starting Tell Plymouth To Write Out Runtime Data...
         Starting Initial cloud-init job (pre-networking)...
         Starting Set console font and keymap...
         Starting Commit a transient machine-id on disk...
         Starting Create Volatile Files and Directories...
[[0;32m  OK  [0m] Started Tell Plymouth To Write Out Runtime Data.
[[0;32m  OK  [0m] Started Create Volatile Files and Directories.
         Starting Update UTMP about System Boot/Shutdown...
[[0;32m  OK  [0m] Started Commit a transient machine-id on disk.
[[0;32m  OK  [0m] Started Update UTMP about System Boot/Shutdown.
[[0;32m  OK  [0m] Started Set console font and keymap.
[[0;32m  OK  [0m] Created slice system-getty.slice.
[    5.363652] cloud-init[601]: Cloud-init v. 20.2-45-g5f7825e2-0ubuntu1~16.04.1 running 'init-local' at Thu, 23 Jul 2020 08:03:38 +0000. Up 5.02 seconds.
[[0;32m  OK  [0m] Started Initial cloud-init job (pre-networking).
[[0;32m  OK  [0m] Reached target Network (Pre).
[[0;32m  OK  [0m] Started LSB: AppArmor initialization.
         Starting Load AppArmor profiles managed internally by snapd...
         Starting Raise network interfaces...
[[0;32m  OK  [0m] Started Load AppArmor profiles managed internally by snapd.
[[0;32m  OK  [0m] Started Raise network interfaces.
         Starting Initial cloud-init job (metadata service crawler)...
[[0;32m  OK  [0m] Reached target Network.
[    6.315203] cloud-init[948]: Cloud-init v. 20.2-45-g5f7825e2-0ubuntu1~16.04.1 running 'init' at Thu, 23 Jul 2020 08:03:39 +0000. Up 5.86 seconds.
[    6.321202] cloud-init[948]: ci-info: ++++++++++++++++++++++++++++++++++++++Net device info++++++++++++++++++++++++++++++++++++++
[    6.323026] cloud-init[948]: ci-info: +--------+------+----------------------------+---------------+--------+-------------------+
[    6.324941] cloud-init[948]: ci-info: | Device |  Up  |          Address           |      Mask     | Scope  |     Hw-Address    |
[    6.326858] cloud-init[948]: ci-info: +--------+------+----------------------------+---------------+--------+-------------------+
[    6.328630] cloud-init[948]: ci-info: | enp0s3 | True |         10.0.2.15          | 255.255.255.0 | global | 02:d4:60:56:24:74 |
[    6.330470] cloud-init[948]: ci-info: | enp0s3 | True | fe80::d4:60ff:fe56:2474/64 |       .       |  link  | 02:d4:60:56:24:74 |
[    6.331966] cloud-init[948]: ci-info: |   lo   | True |         127.0.0.1          |   255.0.0.0   |  host  |         .         |
[    6.334104] cloud-init[948]: ci-info: |   lo   | True |          ::1/128           |       .       |  host  |         .         |
[    6.336033] cloud-init[948]: ci-info: +--------+------+----------------------------+---------------+--------+-------------------+
[    6.337594] cloud-init[948]: ci-info: +++++++++++++++++++++++++++Route IPv4 info++++++++++++++++++++++++++++
[    6.339196] cloud-init[948]: ci-info: +-------+-------------+----------+---------------+-----------+-------+
[    6.340848] cloud-init[948]: ci-info: | Route | Destination | Gateway  |    Genmask    | Interface | Flags |
[    6.342481] cloud-init[948]: ci-info: +-------+-------------+----------+---------------+-----------+-------+
[    6.344285] cloud-init[948]: ci-info: |   0   |   0.0.0.0   | 10.0.2.2 |    0.0.0.0    |   enp0s3  |   UG  |
[    6.345812] cloud-init[948]: ci-info: |   1   |   10.0.2.0  | 0.0.0.0  | 255.255.255.0 |   enp0s3  |   U   |
[    6.352567] cloud-init[948]: ci-info: +-------+-------------+----------+---------------+-----------+-------+
[    6.353802] cloud-init[948]: ci-info: +++++++++++++++++++Route IPv6 info+++++++++++++++++++
[    6.360372] cloud-init[948]: ci-info: +-------+-------------+---------+-----------+-------+
[    6.368361] cloud-init[948]: ci-info: | Route | Destination | Gateway | Interface | Flags |
[[0;32m  OK  [0m] Started Initial cloud-init job (metadata service crawler).
[    6.368571] cloud-init[948]: ci-info: +-------+-------------+---------+-----------+-------+
[    6.384932] cloud-init[948]: ci-info: |   0   |  fe80::/64  |    ::   |   enp0s3  |   U   |
[    6.385250] cloud-init[[948]: [0;32m  OK  [0mci-info: |   3   |   ff00::/8  |    ::   |   enp0s3  |   U   |] 
Reached target Cloud-config availability.
[[    6.385316] cloud-init[948]: ci-info: +-------+-------------+---------+-----------+-------+
[    6.388857] cloud-init[948]: Generating public/private rsa key pair.
[    6.389538] cloud-init[948]: Your identification has been saved in /etc/ssh/ssh_host_rsa_key.
[    6.390175] cloud-init[948]: Your public key has been saved in /etc/ssh/ssh_host_rsa_key.pub.
[0;32m  OK  [0m] Reached target Network is Online.
[    6.390238] cloud-init[948]: The key fingerprint is:
[    6.395826] cloud-init[948]: SHA256:Ed9u/BNz7lCeHcGS1j/UVl/lEMkxvjqTlLXK57T7OFk root@ubuntu-xenial
[    6.404871] cloud-init[948]: The key's randomart image is:
[    6.412390] cloud-init[948]: +---[RSA 2048]----+
[    6.412710]          cloud-initStarting iSCSI initiator daemon (iscsid)...[948]: 
|        .    .=+=|
[[0;32m  OK  [0m] Reached target System Initialization.
         Starting LXD - unix socket.
[[0;32m  OK  [0m] Listening on ACPID Listen Socket.
[[0;32m  OK  [0m] Listening on UUID daemon activation socket.
[    6.412781] cloud-init[948]: |         o . .*+=|
[    6.424770] [[0;32m  OK  [0m] Started ACPI Events Check.
[[0;32m  OK  [0m] Reached target Paths.
cloud-init[948]: |        . . .+o==|
[    6.426768] [[0;32m  OK  [0m] Started Daily Cleanup of Temporary Directories.
[[0;32m  OK  [0m] Started Daily apt download activities.
[[0;32m  OK  [0m] Started Daily apt upgrade and clean activities.
         Starting Socket activation for snappy daemon.
[[0;32m  OK  [0m] Listening on D-Bus System Message Bus Socket.
[[0;32m  OK  [0m] Started Message of the Day.
[[0;32m  OK  [0m] Reached target Timers.
cloud-init[948]: |         . o.oo+o|
[    6.433132] cloud-init[948]: |        S   * =o+|
[    6.434601] cloud-init[948]: |           + = BE|
[    6.435668] cloud-init[948]: |            B *++|
[    6.436564] [cloud-init[0;32m  OK  [0m[948]: ] |             *o* |Listening on LXD - unix socket.

[[0;32m  OK  [0m] Listening on Socket activation for snappy daemon.
[[0;32m  OK  [0m] Reached target Sockets.
[[0;32m  OK  [0m] Reached target Basic System.
         Starting Virtualbox guest utils...
         Starting Login Service...
[    6.436828] [[0;32m  OK  [0m] Started ACPI event daemon.
[[0;32m  OK  [0m] Started FUSE filesystem for LXC.
         Starting /etc/rc.local Compatibility...
         Starting LXD - container startup/shutdown...
cloud-init[948]: |              =+o|
         Starting Pollinate to seed the pseudo random number generator...
[[0;32m  OK  [0m] Started D-Bus System Message Bus.
[    6.453152] cloud-init[948]: +----[SHA256]-----+
[    6.463012] cloud-init[948]: Generating public/private dsa key pair.
[    6.464966] cloud-init[948]: Your identification has been saved in /etc/ssh/ssh_host_dsa_key.
[    6.467002] cloud-init[948]: Your public key has been saved in /etc/ssh/ssh_host_dsa_key.pub.
[    6.469238] cloud-init[948]: The key fingerprint is:
[    6.470684] cloud-init[948]: SHA256:mfJQ+c2aNgH4RmZRa8rgfq9ETwkLpQbZsH8vJp644Wg root@ubuntu-xenial
[    6.473316] cloud-init[948]: The key's randomart image is:
[    6.474865] cloud-init[948]: +---[DSA 1024]----+
[    6.476415] cloud-init[948]: |    o+  o..      |
[    6.478133] cloud-init[948]: |    .o.+ o .     |
[    6.479444] cloud-init[948]: |    . * O o      |
[    6.480733] cloud-init[948]: |     + X X +     |
[    6.482374] cloud-init[948]: |      = S = o    |
[[0;32m  OK  [0m] Started Deferred execution scheduler.
[    6.483871]          Starting Accounts Service...
[[0;32m  OK  [0m] Started Regular background program processing daemon.
         Starting LSB: Record successful boot for GRUB...
         Starting LSB: MD monitoring daemon...
         Starting System Logging Service...
cloud-init[948]: |     . B + +     |
[    6.490901]          Starting Snap Daemon...
cloud-init[948]: |    . o * B      |
[[0;32m  OK  [0m] Started iSCSI initiator daemon (iscsid).
[[0;32m  OK  [0m] Started /etc/rc.local Compatibility.
[[0;32m  OK  [0m] Started LXD - container startup/shutdown.
[    6.497105] cloud-init         Starting Login to default iSCSI targets...
[[0;32m  OK  [0m] Started Login Service.
[[0;32m  OK  [0m] Started Unattended Upgrades Shutdown.
[948]: |  Eo + * + .     |
[    6.537557] cloud-init[948]: | .. +.o ...      |
[    6.538330] cloud-init[948]: +----[SHA256]-----+
[    6.539000] cloud-init[948]: Generating public/private ecdsa key pair.
[    6.540583] cloud-init[948]: Your identification has been saved in /etc/ssh/ssh_host_ecdsa_key.
[    6.542876] cloud-init[948]: Your public key has been saved in /etc/ssh/ssh_host_ecdsa_key.pub.
[    6.553574] cloud-init[948]: The key fingerprint is:
[    6.555072] cloud-init[948]: SHA256:dvjz8lMAIVkfjx1PZuL9ecj0Tstn3iYb+FZrffMazTU root@ubuntu-xenial
[    6.556126] cloud-init[948]: The key's randomart image is:
[[0;32m  OK  [0m] Started LSB: MD monitoring daemon.
[    6.556435] [[0;32m  OK  [0m] Started System Logging Service.
cloud-init[948]: +---[ECDSA 256]---+
         Starting Authenticate and Authorize Users to Run Privileged Tasks...
[    6.569878] cloud-init[948]: |        .oo.. o +|
[[0;32m  OK  [0m] Started Login to default iSCSI targets.
[[0;32m  OK  [0m] Started Authenticate and Authorize Users to Run Privileged Tasks.
[[0;32m  OK  [0m] Started Virtualbox guest utils.
[[0;32m  OK  [0m] Started LSB: Record successful boot for GRUB.
[[0;32m  OK  [0m] Started Accounts Service.
[[0;32m  OK  [0m] Reached target Remote File Systems (Pre).
[[0;32m  OK  [0m] Reached target Remote File Systems.
[    6.586908] cloud-init[948]: |        .... * O |
[    6.606086] cloud-init[948]: |           .o = o|
[    6.607756] cloud-init[948]: |         .  .o oo|
[    6.609799] cloud-init[948]: |        S .  .oE*|
[    6.612595] cloud-init[948]: |       . o   .o=*|
[    6.615197] cloud-init[948]: |          o ..o+O|
[    6.616410] cloud-init[948]: |          .o..oO*|
[    6.617566] cloud-init[948]: |           ooo==B|
[    6.618743] cloud-init[948]: +----[SHA256]-----+
         Starting Permit User Sessions...
         Starting LSB: Set the CPU Frequency Scaling governor to "ondemand"...
         Starting LSB: automatic crash report generation...
         Starting LSB: daemon to balance interrupts for SMP systems...
[    6.619844] cloud-init[948]: Generating public/private ed25519 key pair.
[    6.626203] cloud-init[948]: Your identification has been saved in /etc/ssh/ssh_host_ed25519_key.
[    6.628153] cloud-init[948]: Your public key has been saved in /etc/ssh/ssh_host_ed25519_key.pub.
[[0;32m  OK  [0m] Started Permit User Sessions.
         Starting Terminate Plymouth Boot Screen...
         Starting Hold until boot process finishes up...
[[0;32m  OK  [0m] Started Hold until boot process finishes up.
[    6.630087] cloud-init[948]: The key fingerprint is:
[    6.659579] [cloud-init[0;32m  OK  [0m[948]: ] SHA256:AwhQWlxNh01p0pCmh+7N+8o287lGnxl+gCwa+4i4d6Q root@ubuntu-xenialStarted Serial Getty on ttyS0.

         Starting Set console scheme...
[    6.659949] cloud-init[948]: The key's randomart image is:
[    6.662395] cloud-init[[0;32m  OK  [0m] Started Getty on tty1.
[[0;32m  OK  [0m] Reached target Login Prompts.
[948]: +--[ED25519 256]--+
[    6.665208] cloud-init[948]: |.++..ooBo.       |
[    6.665355] cloud-init[948]: | o.. .*.=        |
[    6.666417] cloud-init[948]: |.   .+.o         |
[[0;32m  OK  [0m] Started Terminate Plymouth Boot Screen.
[[0;32m  OK  [0m] Started Set console scheme.
[    6.666825] cloud-init[948]: |    o ..         |
[[0;32m  OK  [0m] Started LSB: daemon to balance interrupts for SMP systems.
[    6.678618] [cloud-init[0;32m  OK  [0m[948]: ] |   . . .S.       |Started LSB: Set the CPU Frequency Scaling governor to "ondemand".

[    6.683147] [[0;32m  OK  [0m] Started LSB: automatic crash report generation.
cloud-init[948]: |    + . +.o      |
[    6.685235] cloud-init[948]: |   + * o o =     |
[    6.686283] cloud-init[948]: | .E.=o* ..= .    |
[    6.690331] cloud-init[948]: |oo...o=O=. .     |
[    6.691433] cloud-init[948]: +----[SHA256]-----+
[[0;32m  OK  [0m] Started Snap Daemon.
         Starting Wait until snapd is fully seeded...
[[0;32m  OK  [0m] Started Pollinate to seed the pseudo random number generator.
         Starting OpenBSD Secure Shell server...
[[0;32m  OK  [0m] Started OpenBSD Secure Shell server.
[[0;32m  OK  [0m] Started Wait until snapd is fully seeded.
         Starting Apply the settings specified in cloud-config...
[[0;32m  OK  [0m] Reached target Multi-User System.
[[0;32m  OK  [0m] Reached target Graphical Interface.
         Starting Update UTMP about System Runlevel Changes...
[[0;32m  OK  [0m] Started Update UTMP about System Runlevel Changes.
[    9.634045] cloud-init[1312]: Generating locales (this might take a while)...
[   10.202307] cloud-init[1312]:   en_US.UTF-8... done
[   10.203267] cloud-init[1312]: Generation complete.
[   10.393994] cloud-init[1312]: Cloud-init v. 20.2-45-g5f7825e2-0ubuntu1~16.04.1 running 'modules:config' at Thu, 23 Jul 2020 08:03:43 +0000. Up 9.56 seconds.
[[0;32m  OK  [0m] Started Apply the settings specified in cloud-config.
         Starting Execute cloud user/final scripts...
ci-info: no authorized SSH keys fingerprints found for user ubuntu.
<14>Jul 23 08:03:44 ec2: 
<14>Jul 23 08:03:44 ec2: #############################################################
<14>Jul 23 08:03:44 ec2: -----BEGIN SSH HOST KEY FINGERPRINTS-----
<14>Jul 23 08:03:44 ec2: 1024 SHA256:mfJQ+c2aNgH4RmZRa8rgfq9ETwkLpQbZsH8vJp644Wg root@ubuntu-xenial (DSA)
<14>Jul 23 08:03:44 ec2: 256 SHA256:dvjz8lMAIVkfjx1PZuL9ecj0Tstn3iYb+FZrffMazTU root@ubuntu-xenial (ECDSA)
<14>Jul 23 08:03:44 ec2: 256 SHA256:AwhQWlxNh01p0pCmh+7N+8o287lGnxl+gCwa+4i4d6Q root@ubuntu-xenial (ED25519)
<14>Jul 23 08:03:44 ec2: 2048 SHA256:Ed9u/BNz7lCeHcGS1j/UVl/lEMkxvjqTlLXK57T7OFk root@ubuntu-xenial (RSA)
<14>Jul 23 08:03:44 ec2: -----END SSH HOST KEY FINGERPRINTS-----
<14>Jul 23 08:03:44 ec2: #############################################################
-----BEGIN SSH HOST KEY KEYS-----
ecdsa-sha2-nistp256 AAAAE2VjZHNhLXNoYTItbmlzdHAyNTYAAAAIbmlzdHAyNTYAAABBBH7iVU7N/7eMduMup5IR1QCI4ubrhviQD6NChD+BwncaUF1Xbu4WPY7dtfPVCXDbgiT2VvuWilqvVG/2Ato4dZs= root@ubuntu-xenial
ssh-ed25519 AAAAC3NzaC1lZDI1NTE5AAAAICF0LikUpx6HQUtsHGahXuLBufMXt6uYHw79N754nOnm root@ubuntu-xenial
ssh-rsa AAAAB3NzaC1yc2EAAAADAQABAAABAQDO/Rop3d/G41Eg65A90eepwADW86zZFtMv5DFgKmkltRkDl+wvKS0weHjsfgPM2I6EjKrS03TmIqNtVQjwt5EdxurNBZkvXbGc+sVw7xiH0yWQsTNUIwZMJTW1xIB21G+/TDtvJZTKeNlDtkQZb/oIAmh6uxMAlaUFtC4sFD/TO/H1nWXKAn9NyCF+Q0PHPDFAvhhcd0zClKP71bYF9DSF8TBN51bv+IjCycXjK5UFYcPYKMQNu3H7iSJNHKVAyJBmX+p+gsL54kWRAsBsB5jVGT7S3lACKCjkdHQUi1bGaEuGD7hwJW9YBS9g09PS7/0PF1PDhZs87q8LrJeEq0Lz root@ubuntu-xenial
-----END SSH HOST KEY KEYS-----
[   10.765203] cloud-init[1354]: Cloud-init v. 20.2-45-g5f7825e2-0ubuntu1~16.04.1 running 'modules:final' at Thu, 23 Jul 2020 08:03:44 +0000. Up 10.65 seconds.
[   10.768622] cloud-init[1354]: ci-info: no authorized SSH keys fingerprints found for user ubuntu.
[   10.770943] cloud-init[1354]: Cloud-init v. 20.2-45-g5f7825e2-0ubuntu1~16.04.1 finished at Thu, 23 Jul 2020 08:03:44 +0000. Datasource DataSourceNoCloud [seed=/dev/sdb][dsmode=net].  Up 10.75 seconds
[[0;32m  OK  [0m] Started Execute cloud user/final scripts.
[[0;32m  OK  [0m] Reached target Cloud-init target.

Ubuntu 16.04.6 LTS ubuntu-xenial ttyS0

ubuntu-xenial login: 